// Jest Snapshot v1, https://goo.gl/fbAQLP

exports[`ProductListItem renders and matches the snapshot 1`] = `
<DocumentFragment>
  <article
    aria-labelledby="product-heading-galaxy-s9-plus-replacement-battery"
    class="chakra-linkbox css-10n1vic"
    role="group"
  >
    <div
      class="css-mnl840"
    >
      <div
        class="css-1vy26t"
      >
        <img
          alt="Galaxy S9+ Battery"
          data-nimg="1"
          decoding="async"
          height="320"
          loading="lazy"
          src="https://cart-products.cdn.ifixit.com/cart-products/iPbUhjTn6EYf1PTS.size400?width=320"
          srcset="https://cart-products.cdn.ifixit.com/cart-products/iPbUhjTn6EYf1PTS.size400?width=320 1x, https://cart-products.cdn.ifixit.com/cart-products/iPbUhjTn6EYf1PTS.size400?width=320 2x"
          style="color: transparent; object-fit: contain;"
          width="320"
        />
      </div>
      <div
        class="chakra-stack css-l76j94"
      >
        <div
          class="css-1c6uy1d"
        >
          <div
            class="chakra-stack css-1w1mqfw"
          >
            <div
              class="css-j7qwjs"
            >
              <h3
                class="chakra-heading css-10ht6wa"
                data-testid="heading-product-title"
                id="product-heading-galaxy-s9-plus-replacement-battery"
              >
                Galaxy S9+ Battery
              </h3>
              <p
                class="chakra-text css-a5k9pc"
              >
                Replace a dead or malfunctioning model EB-BG96aasd5ABE battery in a Samsung Galaxy S9 Plus smartphone.
              </p>
            </div>
            <div
              class="chakra-stack css-1igwmid"
              data-testid="reviewStars"
            >
              <div
                class="chakra-stack css-fqllj7"
              >
                <svg
                  aria-hidden="true"
                  class="svg-inline--fa fa-star  css-86s11o"
                  data-icon="star"
                  data-prefix="fas"
                  focusable="false"
                  role="img"
                  viewBox="0 0 576 512"
                  xmlns="http://www.w3.org/2000/svg"
                >
                  <path
                    d="M316.9 18C311.6 7 300.4 0 288.1 0s-23.4 7-28.8 18L195 150.3 51.4 171.5c-12 1.8-22 10.2-25.7 21.7s-.7 24.2 7.9 32.7L137.8 329 113.2 474.7c-2 12 3 24.2 12.9 31.3s23 8 33.8 2.3l128.3-68.5 128.3 68.5c10.8 5.7 23.9 4.9 33.8-2.3s14.9-19.3 12.9-31.3L438.5 329 542.7 225.9c8.6-8.5 11.7-21.2 7.9-32.7s-13.7-19.9-25.7-21.7L381.2 150.3 316.9 18z"
                    fill="currentColor"
                  />
                </svg>
                <svg
                  aria-hidden="true"
                  class="svg-inline--fa fa-star  css-86s11o"
                  data-icon="star"
                  data-prefix="fas"
                  focusable="false"
                  role="img"
                  viewBox="0 0 576 512"
                  xmlns="http://www.w3.org/2000/svg"
                >
                  <path
                    d="M316.9 18C311.6 7 300.4 0 288.1 0s-23.4 7-28.8 18L195 150.3 51.4 171.5c-12 1.8-22 10.2-25.7 21.7s-.7 24.2 7.9 32.7L137.8 329 113.2 474.7c-2 12 3 24.2 12.9 31.3s23 8 33.8 2.3l128.3-68.5 128.3 68.5c10.8 5.7 23.9 4.9 33.8-2.3s14.9-19.3 12.9-31.3L438.5 329 542.7 225.9c8.6-8.5 11.7-21.2 7.9-32.7s-13.7-19.9-25.7-21.7L381.2 150.3 316.9 18z"
                    fill="currentColor"
                  />
                </svg>
                <svg
                  aria-hidden="true"
                  class="svg-inline--fa fa-star  css-86s11o"
                  data-icon="star"
                  data-prefix="fas"
                  focusable="false"
                  role="img"
                  viewBox="0 0 576 512"
                  xmlns="http://www.w3.org/2000/svg"
                >
                  <path
                    d="M316.9 18C311.6 7 300.4 0 288.1 0s-23.4 7-28.8 18L195 150.3 51.4 171.5c-12 1.8-22 10.2-25.7 21.7s-.7 24.2 7.9 32.7L137.8 329 113.2 474.7c-2 12 3 24.2 12.9 31.3s23 8 33.8 2.3l128.3-68.5 128.3 68.5c10.8 5.7 23.9 4.9 33.8-2.3s14.9-19.3 12.9-31.3L438.5 329 542.7 225.9c8.6-8.5 11.7-21.2 7.9-32.7s-13.7-19.9-25.7-21.7L381.2 150.3 316.9 18z"
                    fill="currentColor"
                  />
                </svg>
                <svg
                  aria-hidden="true"
                  class="svg-inline--fa fa-star  css-86s11o"
                  data-icon="star"
                  data-prefix="fas"
                  focusable="false"
                  role="img"
                  viewBox="0 0 576 512"
                  xmlns="http://www.w3.org/2000/svg"
                >
                  <path
                    d="M316.9 18C311.6 7 300.4 0 288.1 0s-23.4 7-28.8 18L195 150.3 51.4 171.5c-12 1.8-22 10.2-25.7 21.7s-.7 24.2 7.9 32.7L137.8 329 113.2 474.7c-2 12 3 24.2 12.9 31.3s23 8 33.8 2.3l128.3-68.5 128.3 68.5c10.8 5.7 23.9 4.9 33.8-2.3s14.9-19.3 12.9-31.3L438.5 329 542.7 225.9c8.6-8.5 11.7-21.2 7.9-32.7s-13.7-19.9-25.7-21.7L381.2 150.3 316.9 18z"
                    fill="currentColor"
                  />
                </svg>
                <svg
                  aria-hidden="true"
                  class="svg-inline--fa fa-star-half  css-1p6kd4g"
                  data-icon="star-half"
                  data-prefix="fad"
                  focusable="false"
                  role="img"
                  viewBox="0 0 576 512"
                  xmlns="http://www.w3.org/2000/svg"
                >
                  <g
                    class="fa-duotone-group"
                  >
                    <path
                      class="fa-secondary"
                      d="M143.1 512h3.2c-1.1 .1-2.1 .1-3.2 0zM288 439.8V0c0 0 .1 0 .1 0c12.2 0 23.4 7 28.8 18l64.3 132.3 143.6 21.2c12 1.8 22 10.2 25.7 21.7s.7 24.2-7.9 32.7L438.5 329l24.6 145.7c2 12-3 24.2-12.9 31.3s-23 8-33.8 2.3L288.1 439.8l-.1 .1z"
                      fill="currentColor"
                    />
                    <path
                      class="fa-primary"
                      d="M288 0c-12.2 .1-23.3 7-28.6 18L195 150.3 51.4 171.5c-12 1.8-22 10.2-25.7 21.7s-.7 24.2 7.9 32.7L137.8 329 113.2 474.7c-2 12 3 24.2 12.9 31.3s23 8 33.8 2.3L288 439.8V0zM429.9 512c1.1 .1 2.1 .1 3.2 0h-3.2z"
                      fill="currentColor"
                    />
                  </g>
                </svg>
              </div>
              <p
                class="chakra-text css-itvw0n"
              >
                18
              </p>
            </div>
            <div
              class="css-1qc3xp7"
            >
              <div
                class="css-16gaqkg"
              >
                <div
                  class="css-zvlevn"
                >
                  5% Off
                </div>
              </div>
            </div>
          </div>
        </div>
        <div
          class="chakra-stack css-1rtna6l"
        >
          <div
            class="css-oazic6"
          >
            <p
              class="chakra-text css-mafz32"
              data-testid="price"
            >
              $5.00
            </p>
          </div>
          <div
            class="chakra-stack css-1pxbt0w"
          >
            <a
              class="chakra-linkbox__overlay css-1hnz6hu"
              href="/products/galaxy-s9-plus-replacement-battery"
            >
              <div
                class="chakra-button css-1sntzjs"
              >
                View
              </div>
            </a>
          </div>
        </div>
      </div>
    </div>
  </article>
  <span
    hidden=""
    id="__chakra_env"
  />
</DocumentFragment>
`;
